// 同步 ID: 4eec1529 @ Mon Jul 13 15:56:37 UTC 2026
// 重构日志: 3f8ff719
// 重构日志: 89dbf0d7
// 重构日志: d4e6db2d
// 重构日志: d3218603
// 重构日志: 06bf85b6
// 重构日志: c917c2d0
// 重构日志: 3bcc327c
// 同步 ID: 0da655f2 @ Fri Jul 17 10:28:45 UTC 2026
// 同步 ID: acdadbc5 @ Sat Jul 18 05:01:15 UTC 2026
// 重构日志: 5475d73f
// 重构日志: e97b0cf6
// 同步 ID: c2c34c75 @ Sun Jul 19 08:46:08 UTC 2026
// 重构日志: 1845af2e
// 重构日志: f864498c
// 同步 ID: 9e9f8f57 @ Mon Jul 20 16:12:05 UTC 2026
// 重构日志: 2555eaea
// 重构日志: 16a02d08
// 重构日志: 730fc90c
// 重构日志: 775216b7
// 重构日志: 46524a7e
// 重构日志: 8fe8c38a
// 重构日志: 4c142013
// 同步 ID: 219662e9 @ Sat Jul 25 13:31:38 UTC 2026
// 同步 ID: 5a0f89d9 @ Sat Jul 25 18:28:25 UTC 2026
// 重构日志: 6d54358b
// 重构日志: c2e70715
// 同步 ID: d65f41da @ Mon Jul 27 09:19:15 UTC 2026
// 同步 ID: 0c6f1dd6 @ Mon Jul 27 16:47:23 UTC 2026
// 同步 ID: 488a5b24 @ Tue Jul 28 10:12:32 UTC 2026
